Fetching 1247 files:   0%|          | 0/1247 [00:00<?, ?it/s]Warning: You are sending unauthenticated requests to the HF Hub. Please set a HF_TOKEN to enable higher rate limits and faster downloads.
Fetching 1247 files:   0%|          | 3/1247 [00:00<02:29,  8.31it/s]
Traceback (most recent call last):
  File "C:\Users\smily\AppData\Local\hermes\hermes-agent\venv\Lib\site-packages\httpx\_decoders.py", line 141, in decode
    return self._decompress(data)
           ^^^^^^^^^^^^^^^^^^^^^^
  File "C:\Users\smily\AppData\Local\hermes\hermes-agent\venv\Lib\site-packages\brotlicffi\_api.py", line 437, in decompress
    chunks = self._decompress(data, output_buffer_limit)
             ^^^^^^^^^^^^^^^^^^^^^^^^^^^^^^^^^^^^^^^^^^^
  File "C:\Users\smily\AppData\Local\hermes\hermes-agent\venv\Lib\site-packages\brotlicffi\_api.py", line 444, in _decompress
    raise error(
brotlicffi._api.error: brotli: decoder process called with data when 'can_accept_more_data()' is False

The above exception was the direct cause of the following exception:

Traceback (most recent call last):
  File "<frozen runpy>", line 198, in _run_module_as_main
  File "<frozen runpy>", line 88, in _run_code
  File "C:\Users\smily\AppData\Local\hermes\hermes-agent\venv\Scripts\hf.exe\__main__.py", line 10, in <module>
  File "C:\Users\smily\AppData\Local\hermes\hermes-agent\venv\Lib\site-packages\huggingface_hub\cli\hf.py", line 128, in main
    app()
  File "C:\Users\smily\AppData\Local\hermes\hermes-agent\venv\Lib\site-packages\click\core.py", line 1569, in __call__
    return self.main(*args, **kwargs)
           ^^^^^^^^^^^^^^^^^^^^^^^^^^
  File "C:\Users\smily\AppData\Local\hermes\hermes-agent\venv\Lib\site-packages\click\core.py", line 1490, in main
    rv = self.invoke(ctx)
         ^^^^^^^^^^^^^^^^
  File "C:\Users\smily\AppData\Local\hermes\hermes-agent\venv\Lib\site-packages\huggingface_hub\cli\_cli_utils.py", line 131, in invoke
    return super().invoke(ctx)
           ^^^^^^^^^^^^^^^^^^^
  File "C:\Users\smily\AppData\Local\hermes\hermes-agent\venv\Lib\site-packages\click\core.py", line 1970, in invoke
    return _process_result(sub_ctx.command.invoke(sub_ctx))
                           ^^^^^^^^^^^^^^^^^^^^^^^^^^^^^^^
  File "C:\Users\smily\AppData\Local\hermes\hermes-agent\venv\Lib\site-packages\click\core.py", line 1353, in invoke
    return ctx.invoke(self.callback, **ctx.params)
           ^^^^^^^^^^^^^^^^^^^^^^^^^^^^^^^^^^^^^^^
  File "C:\Users\smily\AppData\Local\hermes\hermes-agent\venv\Lib\site-packages\click\core.py", line 907, in invoke
    return callback(*args, **kwargs)
           ^^^^^^^^^^^^^^^^^^^^^^^^^
  File "C:\Users\smily\AppData\Local\hermes\hermes-agent\venv\Lib\site-packages\huggingface_hub\cli\_framework.py", line 365, in handler
    return func(**call_kwargs)
           ^^^^^^^^^^^^^^^^^^^
  File "C:\Users\smily\AppData\Local\hermes\hermes-agent\venv\Lib\site-packages\huggingface_hub\cli\download.py", line 225, in download
    _print_result(run_download())
                  ^^^^^^^^^^^^^^
  File "C:\Users\smily\AppData\Local\hermes\hermes-agent\venv\Lib\site-packages\huggingface_hub\cli\download.py", line 187, in run_download
    return snapshot_download(
           ^^^^^^^^^^^^^^^^^^
  File "C:\Users\smily\AppData\Local\hermes\hermes-agent\venv\Lib\site-packages\huggingface_hub\utils\_validators.py", line 88, in _inner_fn
    return fn(*args, **kwargs)
           ^^^^^^^^^^^^^^^^^^^
  File "C:\Users\smily\AppData\Local\hermes\hermes-agent\venv\Lib\site-packages\huggingface_hub\_snapshot_download.py", line 515, in snapshot_download
    thread_map(
  File "C:\Users\smily\AppData\Local\hermes\hermes-agent\venv\Lib\site-packages\tqdm\contrib\concurrent.py", line 69, in thread_map
    return _executor_map(ThreadPoolExecutor, fn, *iterables, **tqdm_kwargs)
           ^^^^^^^^^^^^^^^^^^^^^^^^^^^^^^^^^^^^^^^^^^^^^^^^^^^^^^^^^^^^^^^^
  File "C:\Users\smily\AppData\Local\hermes\hermes-agent\venv\Lib\site-packages\tqdm\contrib\concurrent.py", line 51, in _executor_map
    return list(tqdm_class(ex.map(fn, *iterables, chunksize=chunksize), **kwargs))
           ^^^^^^^^^^^^^^^^^^^^^^^^^^^^^^^^^^^^^^^^^^^^^^^^^^^^^^^^^^^^^^^^^^^^^^^
  File "C:\Users\smily\AppData\Local\hermes\hermes-agent\venv\Lib\site-packages\tqdm\std.py", line 1181, in __iter__
    for obj in iterable:
  File "C:\Users\smily\AppData\Roaming\uv\python\cpython-3.11-windows-x86_64-none\Lib\concurrent\futures\_base.py", line 619, in result_iterator
    yield _result_or_cancel(fs.pop())
          ^^^^^^^^^^^^^^^^^^^^^^^^^^^
  File "C:\Users\smily\AppData\Roaming\uv\python\cpython-3.11-windows-x86_64-none\Lib\concurrent\futures\_base.py", line 317, in _result_or_cancel
    return fut.result(timeout)
           ^^^^^^^^^^^^^^^^^^^
  File "C:\Users\smily\AppData\Roaming\uv\python\cpython-3.11-windows-x86_64-none\Lib\concurrent\futures\_base.py", line 456, in result
    return self.__get_result()
           ^^^^^^^^^^^^^^^^^^^
  File "C:\Users\smily\AppData\Roaming\uv\python\cpython-3.11-windows-x86_64-none\Lib\concurrent\futures\_base.py", line 401, in __get_result
    raise self._exception
  File "C:\Users\smily\AppData\Roaming\uv\python\cpython-3.11-windows-x86_64-none\Lib\concurrent\futures\thread.py", line 58, in run
    result = self.fn(*self.args, **self.kwargs)
             ^^^^^^^^^^^^^^^^^^^^^^^^^^^^^^^^^^
  File "C:\Users\smily\AppData\Local\hermes\hermes-agent\venv\Lib\site-packages\huggingface_hub\_snapshot_download.py", line 495, in _inner_hf_hub_download
    hf_hub_download(  # type: ignore
  File "C:\Users\smily\AppData\Local\hermes\hermes-agent\venv\Lib\site-packages\huggingface_hub\utils\_validators.py", line 88, in _inner_fn
    return fn(*args, **kwargs)
           ^^^^^^^^^^^^^^^^^^^
  File "C:\Users\smily\AppData\Local\hermes\hermes-agent\venv\Lib\site-packages\huggingface_hub\file_download.py", line 992, in hf_hub_download
    return _hf_hub_download_to_local_dir(
           ^^^^^^^^^^^^^^^^^^^^^^^^^^^^^^
  File "C:\Users\smily\AppData\Local\hermes\hermes-agent\venv\Lib\site-packages\huggingface_hub\file_download.py", line 1451, in _hf_hub_download_to_local_dir
    _download_to_tmp_and_move(
  File "C:\Users\smily\AppData\Local\hermes\hermes-agent\venv\Lib\site-packages\huggingface_hub\file_download.py", line 1936, in _download_to_tmp_and_move
    http_get(
  File "C:\Users\smily\AppData\Local\hermes\hermes-agent\venv\Lib\site-packages\huggingface_hub\utils\_validators.py", line 88, in _inner_fn
    return fn(*args, **kwargs)
           ^^^^^^^^^^^^^^^^^^^
  File "C:\Users\smily\AppData\Local\hermes\hermes-agent\venv\Lib\site-packages\huggingface_hub\file_download.py", line 437, in http_get
    for chunk in response.iter_bytes(chunk_size=constants.DOWNLOAD_CHUNK_SIZE):
  File "C:\Users\smily\AppData\Local\hermes\hermes-agent\venv\Lib\site-packages\httpx\_models.py", line 898, in iter_bytes
    decoded = decoder.decode(raw_bytes)
              ^^^^^^^^^^^^^^^^^^^^^^^^^
  File "C:\Users\smily\AppData\Local\hermes\hermes-agent\venv\Lib\site-packages\httpx\_decoders.py", line 143, in decode
    raise DecodingError(str(exc)) from exc
httpx.DecodingError: brotli: decoder process called with data when 'can_accept_more_data()' is False
