conv 0 done (199 rows)
conv 1 done (304 rows)
conv 2 done (497 rows)
conv 3 done (757 rows)
conv 4 done (999 rows)
conv 5 done (1157 rows)
conv 6 done (1347 rows)
conv 7 done (1586 rows)
conv 8 done (1782 rows)
conv 9 done (1986 rows)

analysed 1986 answers

answer correctness by grounded-content ratio (non-refusal answers):
band             n  correct  wrong   acc%
0.0-0.2         60       29     31  48.3%
0.2-0.4         16        6     10  37.5%
0.4-0.6         71       28     43  39.4%
0.6-0.8         99       39     60  39.4%
0.8-1.0       1592      925    667  58.1%

per-category: refusal answers | low(<0.34) | high(>=0.34) grounding
  multi-hop    refusal   29 (ok    7) | low    6 (ok    2, wrong    4) | high  247 (ok  141, wrong  106)
  temporal     refusal   25 (ok    2) | low    7 (ok    1, wrong    6) | high  289 (ok  143, wrong  146)
  open-domain  refusal   15 (ok   10) | low   30 (ok   18, wrong   12) | high   51 (ok   18, wrong   33)
  single-hop   refusal    5 (ok    4) | low   18 (ok   11, wrong    7) | high  818 (ok  678, wrong  140)
  adversarial  refusal   74 (ok   69) | low   15 (ok    3, wrong   12) | high  357 (ok   12, wrong  345)

current run: 1119/1986 = 56.34%
  gate thr<0.15: simulated 1129/1986 = 56.85%
  gate thr<0.25: simulated 1130/1986 = 56.90%
  gate thr<0.34: simulated 1134/1986 = 57.12%
  gate thr<0.50: simulated 1137/1986 = 57.26%
  gate thr<0.67: simulated 1174/1986 = 59.12%
